// Jest Snapshot v1, https://goo.gl/fbAQLP

exports[`sum should be correct 1`] = `9`;
